[backblue.gif]
[fade.gif]
[index.html]
[www.ecologytheme.com/theme/eduwise/images/favicon.ico]
[www.ecologytheme.com/theme/eduwise/images/logo.png]
[www.ecologytheme.com/theme/eduwise/images/courses/courses_1.jpg]
[www.ecologytheme.com/theme/eduwise/images/courses/courses_2.jpg]
[www.ecologytheme.com/theme/eduwise/images/courses/courses_3.jpg]
[www.ecologytheme.com/theme/eduwise/images/courses/courses_4.jpg]
[www.ecologytheme.com/theme/eduwise/images/courses/courses_5.jpg]
[www.ecologytheme.com/theme/eduwise/images/courses/courses_6.jpg]
[www.ecologytheme.com/theme/eduwise/images/logo2.png]
[www.ecologytheme.com/theme/eduwise/images/shapes/testimonial_2_shpe_1.png]
[www.ecologytheme.com/theme/eduwise/images/shapes/footer_2.png]
[www.ecologytheme.com/theme/eduwise/js/jquery-3.2.1.min.js]
[www.ecologytheme.com/theme/eduwise/js/popper.min.js]
[www.ecologytheme.com/theme/eduwise/js/bootstrap.min.js]
[www.ecologytheme.com/theme/eduwise/js/jquery.magnific-popup.min.js]
[www.ecologytheme.com/theme/eduwise/js/owl.carousel.min.js]
[www.ecologytheme.com/theme/eduwise/js/slick.min.js]
[www.ecologytheme.com/theme/eduwise/js/jquery.meanmenu.min.js]
[www.ecologytheme.com/theme/eduwise/js/wow.min.js]
[www.ecologytheme.com/theme/eduwise/js/waypoints.min.js]
[www.ecologytheme.com/theme/eduwise/js/jquery.counterup.min.js]
[www.ecologytheme.com/theme/eduwise/js/custom.js]
[www.ecologytheme.com/theme/eduwise/js/demo.js]
[www.ecologytheme.com/theme/eduwise/demo/index_1.png]
[www.ecologytheme.com/theme/eduwise/demo/index_2.png]
[www.ecologytheme.com/theme/eduwise/demo/index_3.png]
[www.ecologytheme.com/theme/eduwise/demo/about.png]
[www.ecologytheme.com/theme/eduwise/demo/blog.png]
[www.ecologytheme.com/theme/eduwise/demo/blog_details.png]
[www.ecologytheme.com/theme/eduwise/demo/event.png]
[www.ecologytheme.com/theme/eduwise/demo/event_details.png]
[www.ecologytheme.com/theme/eduwise/demo/teacher_pro.png]
[www.ecologytheme.com/theme/eduwise/demo/course.png]
[www.ecologytheme.com/theme/eduwise/demo/course_details.png]
[www.ecologytheme.com/theme/eduwise/demo/team.png]
[www.ecologytheme.com/theme/eduwise/demo/contact.png]
[www.ecologytheme.com/theme/eduwise/course.html]
[www.ecologytheme.com/theme/eduwise/css/assets/bootstrap.min.css]
[www.ecologytheme.com/theme/eduwise/fonts/fa-brands-400.eot]
[www.ecologytheme.com/theme/eduwise/fonts/fa-brands-400.woff2]
[www.ecologytheme.com/theme/eduwise/fonts/fa-brands-400d41d.eot]
[www.ecologytheme.com/theme/eduwise/fonts/fa-brands-400.woff]
[www.ecologytheme.com/theme/eduwise/fonts/fa-brands-400.ttf]
[www.ecologytheme.com/theme/eduwise/fonts/fa-regular-400.eot]
[www.ecologytheme.com/theme/eduwise/fonts/fa-regular-400.woff2]
[www.ecologytheme.com/theme/eduwise/fonts/fa-regular-400d41d.eot]
[www.ecologytheme.com/theme/eduwise/fonts/fa-regular-400.woff]
[www.ecologytheme.com/theme/eduwise/fonts/fa-regular-400.ttf]
[www.ecologytheme.com/theme/eduwise/fonts/fa-solid-900.eot]
[www.ecologytheme.com/theme/eduwise/fonts/fa-solid-900.woff2]
[www.ecologytheme.com/theme/eduwise/fonts/fa-solid-900d41d.eot]
[www.ecologytheme.com/theme/eduwise/fonts/fa-solid-900.woff]
[www.ecologytheme.com/theme/eduwise/fonts/fa-solid-900.ttf]
[www.ecologytheme.com/theme/eduwise/css/assets/font-awesome.min.css]
[www.ecologytheme.com/theme/eduwise/fonts/flaticon/Flaticon.eot]
[www.ecologytheme.com/theme/eduwise/fonts/flaticon/Flaticon.woff]
[www.ecologytheme.com/theme/eduwise/fonts/flaticon/Flaticond41d.eot]
[www.ecologytheme.com/theme/eduwise/fonts/flaticon/Flaticon.ttf]
[www.ecologytheme.com/theme/eduwise/css/assets/flaticon.css]
[www.ecologytheme.com/theme/eduwise/css/assets/magnific-popup.css]
[www.ecologytheme.com/theme/eduwise/css/assets/owl.carousel.css]
[www.ecologytheme.com/theme/eduwise/css/assets/owl.theme.css]
[www.ecologytheme.com/theme/eduwise/css/assets/animate.css]
[www.ecologytheme.com/theme/eduwise/css/assets/slick.css]
[www.ecologytheme.com/theme/eduwise/css/assets/meanmenu.css]
[www.ecologytheme.com/theme/eduwise/images/preloader.gif]
[www.ecologytheme.com/theme/eduwise/images/cursor.png]
[www.ecologytheme.com/theme/eduwise/images/shapes/shape_top_red.png]
[www.ecologytheme.com/theme/eduwise/images/shapes/shape_bullet.png]
[www.ecologytheme.com/theme/eduwise/images/banner/counter_bg.jpg]
[www.ecologytheme.com/theme/eduwise/images/shapes/team_shape.png]
[www.ecologytheme.com/theme/eduwise/images/banner/banner_3.png]
[www.ecologytheme.com/theme/eduwise/images/banner/inner_banner_2.jpg]
[www.ecologytheme.com/theme/eduwise/images/banner/inner_banner_3.jpg]
[www.ecologytheme.com/theme/eduwise/images/banner/inner_banner_1.jpg]
[www.ecologytheme.com/theme/eduwise/images/banner/inner_banner_4.jpg]
[www.ecologytheme.com/theme/eduwise/images/banner/inner_banner_5.jpg]
[www.ecologytheme.com/theme/eduwise/css/style.css]
[www.ecologytheme.com/theme/eduwise/css/responsive.css]
[www.ecologytheme.com/theme/eduwise/css/demo.css]
[www.ecologytheme.com/theme/eduwise/images/banner/banner_1.jpg]
[www.ecologytheme.com/theme/eduwise/images/banner/banner_2.jpg]
[www.ecologytheme.com/theme/eduwise/images/features/features_1.jpg]
[www.ecologytheme.com/theme/eduwise/images/features/features_2.jpg]
[www.ecologytheme.com/theme/eduwise/images/features/features_3.jpg]
[www.ecologytheme.com/theme/eduwise/images/banner/learnstep.jpg]
[www.ecologytheme.com/theme/eduwise/images/banner/about_us.png]
[www.ecologytheme.com/theme/eduwise/images/events/event_1.jpg]
[www.ecologytheme.com/theme/eduwise/images/events/event_2.jpg]
[www.ecologytheme.com/theme/eduwise/images/events/event_3.jpg]
[www.ecologytheme.com/theme/eduwise/images/team/review_1.jpg]
[www.ecologytheme.com/theme/eduwise/images/team/review_4.jpg]
[www.ecologytheme.com/theme/eduwise/images/team/review_3.jpg]
[www.ecologytheme.com/theme/eduwise/images/blog/blog_1.jpg]
[www.ecologytheme.com/theme/eduwise/images/blog/blog_2.jpg]
[www.ecologytheme.com/theme/eduwise/images/blog/blog_3.jpg]
[www.ecologytheme.com/theme/eduwise/images/logos/logo-1.png]
[www.ecologytheme.com/theme/eduwise/images/logos/logo-2.png]
[www.ecologytheme.com/theme/eduwise/images/logos/logo-3.png]
[www.ecologytheme.com/theme/eduwise/images/logos/logo-4.png]
[www.ecologytheme.com/theme/eduwise/images/logos/logo-5.png]
[www.ecologytheme.com/theme/eduwise/images/logos/logo-6.png]
[www.ecologytheme.com/theme/eduwise/images/logos/logo-7.png]
[www.ecologytheme.com/theme/eduwise/images/logos/logo-8.png]
[www.ecologytheme.com/theme/eduwise/images/logos/logo-9.png]
[www.ecologytheme.com/theme/eduwise/images/shapes/bubble_shpe_1.png]
[www.ecologytheme.com/theme/eduwise/images/shapes/round_shpae_1.png]
[www.ecologytheme.com/theme/eduwise/images/shapes/bubble_shpe_2.png]
[www.ecologytheme.com/theme/eduwise/images/shapes/footer_bg_shpe_1.png]
[www.ecologytheme.com/theme/eduwise/js/assets/revolution/jquery.themepunch.revolution.min.js]
[www.ecologytheme.com/theme/eduwise/js/assets/revolution/jquery.themepunch.tools.min.js]
[www.ecologytheme.com/theme/eduwise/js/assets/revolution/extensions/revolution.extension.actions.min.js]
[www.ecologytheme.com/theme/eduwise/js/assets/revolution/extensions/revolution.extension.carousel.min.js]
[www.ecologytheme.com/theme/eduwise/js/assets/revolution/extensions/revolution.extension.kenburn.min.js]
[www.ecologytheme.com/theme/eduwise/js/assets/revolution/extensions/revolution.extension.layeranimation.min.js]
[www.ecologytheme.com/theme/eduwise/js/assets/revolution/extensions/revolution.extension.migration.min.js]
[www.ecologytheme.com/theme/eduwise/js/assets/revolution/extensions/revolution.extension.navigation.min.js]
[www.ecologytheme.com/theme/eduwise/js/assets/revolution/extensions/revolution.extension.parallax.min.js]
[www.ecologytheme.com/theme/eduwise/js/assets/revolution/extensions/revolution.extension.slideanims.min.js]
[www.ecologytheme.com/theme/eduwise/js/assets/revolution/extensions/revolution.extension.video.min.js]
[www.ecologytheme.com/theme/eduwise/js/assets/revolution/revolution.js]
[www.ecologytheme.com/theme/eduwise/index.html]
[www.ecologytheme.com/theme/eduwise/images/features/features_2_1.jpg]
[www.ecologytheme.com/theme/eduwise/images/features/features_2_2.jpg]
[www.ecologytheme.com/theme/eduwise/images/features/features_2_3.jpg]
[www.ecologytheme.com/theme/eduwise/images/team/team_1.jpg]
[www.ecologytheme.com/theme/eduwise/images/team/team_2.jpg]
[www.ecologytheme.com/theme/eduwise/images/team/team_3.jpg]
[www.ecologytheme.com/theme/eduwise/images/team/team_4.jpg]
[www.ecologytheme.com/theme/eduwise/images/team/team_5.jpg]
[www.ecologytheme.com/theme/eduwise/images/team/team_6.jpg]
[www.ecologytheme.com/theme/eduwise/images/shapes/testimonial_2_shpe_2.png]
[www.ecologytheme.com/theme/eduwise/images/shapes/testimonial_2_shpe_3.png]
[www.ecologytheme.com/theme/eduwise/images/banner/teamgroup.png]
[www.ecologytheme.com/theme/eduwise/index-2.html]
[www.ecologytheme.com/theme/eduwise/images/features/courses_provide_1.jpg]
[www.ecologytheme.com/theme/eduwise/images/features/courses_provide_2.jpg]
[www.ecologytheme.com/theme/eduwise/images/features/courses_provide_3.jpg]
[www.ecologytheme.com/theme/eduwise/images/features/courses_provide_4.jpg]
[www.ecologytheme.com/theme/eduwise/images/features/courses_provide_5.jpg]
[www.ecologytheme.com/theme/eduwise/images/features/courses_provide_6.jpg]
[www.ecologytheme.com/theme/eduwise/images/banner/about_thinking.jpg]
[www.ecologytheme.com/theme/eduwise/images/banner/video_mockup.png]
[www.ecologytheme.com/theme/eduwise/images/shapes/video_1.png]
[www.ecologytheme.com/theme/eduwise/images/shapes/video_2.png]
[www.ecologytheme.com/theme/eduwise/images/banner/phone_mockup.png]
[www.ecologytheme.com/theme/eduwise/images/icons/app_store.png]
[www.ecologytheme.com/theme/eduwise/images/icons/play_store.png]
[www.ecologytheme.com/theme/eduwise/images/shapes/waves.png]
[www.ecologytheme.com/theme/eduwise/index-3.html]
[www.ecologytheme.com/theme/eduwise/images/banner/banner_4.jpg]
[www.ecologytheme.com/theme/eduwise/index-4.html]
[www.ecologytheme.com/theme/eduwise/about.html]
[www.ecologytheme.com/theme/eduwise/images/blog/blog3-1.jpg]
[www.ecologytheme.com/theme/eduwise/images/courses/spi-01.jpg]
[www.ecologytheme.com/theme/eduwise/images/courses/spi-02.jpg]
[www.ecologytheme.com/theme/eduwise/images/courses/spi-03.jpg]
[www.ecologytheme.com/theme/eduwise/course-details.html]
[www.ecologytheme.com/theme/eduwise/images/blog/blog3-3.jpg]
[www.ecologytheme.com/theme/eduwise/images/blog/blog3-2.jpg]
[www.ecologytheme.com/theme/eduwise/images/blog/blog3-33.jpg]
[www.ecologytheme.com/theme/eduwise/images/blog/side_blog_1.jpg]
[www.ecologytheme.com/theme/eduwise/images/blog/side_blog_2.jpg]
[www.ecologytheme.com/theme/eduwise/images/blog/side_blog_3.jpg]
[www.ecologytheme.com/theme/eduwise/blog.html]
[www.ecologytheme.com/theme/eduwise/blog-2.html]
[www.ecologytheme.com/theme/eduwise/blog-3.html]
[www.ecologytheme.com/theme/eduwise/images/blog/details_1.png]
[www.ecologytheme.com/theme/eduwise/images/blog/details_2.png]
[www.ecologytheme.com/theme/eduwise/images/team/review_2.jpg]
[www.ecologytheme.com/theme/eduwise/blog-details.html]
[www.ecologytheme.com/theme/eduwise/event.html]
[www.ecologytheme.com/theme/eduwise/js/map-helper.js]
[www.ecologytheme.com/theme/eduwise/event-details.html]
[www.ecologytheme.com/theme/eduwise/images/banner/instructor.jpg]
[www.ecologytheme.com/theme/eduwise/become-a-teacher.html]
[www.ecologytheme.com/theme/eduwise/teacher-profile.html]
[www.ecologytheme.com/theme/eduwise/js/page-smoth-scroll.js]
[www.ecologytheme.com/theme/eduwise/teachers.html]
[www.ecologytheme.com/theme/eduwise/forgot-password.html]
[www.ecologytheme.com/theme/eduwise/images/banner/map_shape.png]
[www.ecologytheme.com/theme/eduwise/contact.html]
[www.ecologytheme.com/theme/eduwise/fonts/fa-brands-400.svg]
[www.ecologytheme.com/theme/eduwise/fonts/fa-regular-400.svg]
[www.ecologytheme.com/theme/eduwise/fonts/fa-solid-900.svg]
[www.ecologytheme.com/theme/eduwise/fonts/flaticon/Flaticon.svg]
[www.ecologytheme.com/theme/eduwise/css/assets/Flaticon.html]
[www.ecologytheme.com/theme/eduwise/css/assets/grabbing.html]
[www.ecologytheme.com/theme/eduwise/css/assets/AjaxLoader.html]
[www.ecologytheme.com/theme/eduwise/css/assets/preloader.css]
[www.ecologytheme.com/theme/eduwise/css/assets/revolution/layers.css]
[www.ecologytheme.com/theme/eduwise/css/assets/revolution/navigation.css]
[www.ecologytheme.com/theme/eduwise/fonts/revicons/revicons90c6.eot]
[www.ecologytheme.com/theme/eduwise/fonts/revicons/revicons90c6.woff]
[www.ecologytheme.com/theme/eduwise/fonts/revicons/revicons90c6.ttf]
[www.ecologytheme.com/theme/eduwise/images/loader.gif]
[www.ecologytheme.com/theme/eduwise/css/assets/revolution/settings.css]
[www.ecologytheme.com/theme/eduwise/team.html]
[www.ecologytheme.com/theme/eduwise/fonts/revicons/revicons90c6.svg]
[www.ecologytheme.com/theme/eduwise/css/assets/revolution/openhand.html]
[www.ecologytheme.com/theme/eduwise/css/assets/revolution/closedhand.html]
[www.ecologytheme.com/theme/eduwise/css/assets/assets/gridtile.html]
[www.ecologytheme.com/theme/eduwise/css/assets/assets/gridtile_white.html]
[www.ecologytheme.com/theme/eduwise/css/assets/assets/gridtile_3x3.html]
[www.ecologytheme.com/theme/eduwise/css/assets/assets/gridtile_3x3_white.html]
[www.ecologytheme.com/theme/eduwise/css/assets/assets/coloredbg.html]
